Archive member included to satisfy reference by file (symbol)

C:/Users/soft zone/Downloads/avr-gcc-14.1.0-x64-windows/avr-gcc-14.1.0-x64-windows/bin/../lib/gcc/avr/14.1.0/avr5\libgcc.a(_mulsi3.o)
                              ./Libraries_Eclipse/ADC/ADC_Program.o (__mulsi3)
C:/Users/soft zone/Downloads/avr-gcc-14.1.0-x64-windows/avr-gcc-14.1.0-x64-windows/bin/../lib/gcc/avr/14.1.0/avr5\libgcc.a(_udivmodsi4.o)
                              ./Libraries_Eclipse/TIMER0/TMR0_Program.o (__udivmodsi4)
C:/Users/soft zone/Downloads/avr-gcc-14.1.0-x64-windows/avr-gcc-14.1.0-x64-windows/bin/../lib/gcc/avr/14.1.0/avr5\libgcc.a(_exit.o)
                              C:/Users/soft zone/Downloads/avr-gcc-14.1.0-x64-windows/avr-gcc-14.1.0-x64-windows/bin/../lib/gcc/avr/14.1.0/../../../../avr/lib/avr5/crtatmega16.o (exit)
C:/Users/soft zone/Downloads/avr-gcc-14.1.0-x64-windows/avr-gcc-14.1.0-x64-windows/bin/../lib/gcc/avr/14.1.0/avr5\libgcc.a(_copy_data.o)
                              ./Libraries_Eclipse/KEYPAD/KPD_Prgogram.o (__do_copy_data)
C:/Users/soft zone/Downloads/avr-gcc-14.1.0-x64-windows/avr-gcc-14.1.0-x64-windows/bin/../lib/gcc/avr/14.1.0/avr5\libgcc.a(_clear_bss.o)
                              ./Libraries_Eclipse/EXT_INT/EXTINT_Program.o (__do_clear_bss)
C:/Users/soft zone/Downloads/avr-gcc-14.1.0-x64-windows/avr-gcc-14.1.0-x64-windows/bin/../lib/gcc/avr/14.1.0/avr5\libgcc.a(_muluhisi3.o)
                              ./Libraries_Eclipse/TIMER0/TMR0_Program.o (__muluhisi3)
C:/Users/soft zone/Downloads/avr-gcc-14.1.0-x64-windows/avr-gcc-14.1.0-x64-windows/bin/../lib/gcc/avr/14.1.0/avr5\libgcc.a(_umulhisi3.o)
                              C:/Users/soft zone/Downloads/avr-gcc-14.1.0-x64-windows/avr-gcc-14.1.0-x64-windows/bin/../lib/gcc/avr/14.1.0/avr5\libgcc.a(_muluhisi3.o) (__umulhisi3)
C:/Users/soft zone/Downloads/avr-gcc-14.1.0-x64-windows/avr-gcc-14.1.0-x64-windows/bin/../lib/gcc/avr/14.1.0/../../../../avr/lib/avr5\libm.a(cmpsf2.o)
                              ./Libraries_Eclipse/LCD/LCD_Program.o (__ltsf2)
C:/Users/soft zone/Downloads/avr-gcc-14.1.0-x64-windows/avr-gcc-14.1.0-x64-windows/bin/../lib/gcc/avr/14.1.0/../../../../avr/lib/avr5\libm.a(fixunssfsi.o)
                              ./Libraries_Eclipse/LCD/LCD_Program.o (__fixunssfsi)
C:/Users/soft zone/Downloads/avr-gcc-14.1.0-x64-windows/avr-gcc-14.1.0-x64-windows/bin/../lib/gcc/avr/14.1.0/../../../../avr/lib/avr5\libm.a(fp_cmp.o)
                              C:/Users/soft zone/Downloads/avr-gcc-14.1.0-x64-windows/avr-gcc-14.1.0-x64-windows/bin/../lib/gcc/avr/14.1.0/../../../../avr/lib/avr5\libm.a(cmpsf2.o) (__fp_cmp)
C:/Users/soft zone/Downloads/avr-gcc-14.1.0-x64-windows/avr-gcc-14.1.0-x64-windows/bin/../lib/gcc/avr/14.1.0/../../../../avr/lib/avr5\libm.a(fp_split3.o)
                              C:/Users/soft zone/Downloads/avr-gcc-14.1.0-x64-windows/avr-gcc-14.1.0-x64-windows/bin/../lib/gcc/avr/14.1.0/../../../../avr/lib/avr5\libm.a(fixunssfsi.o) (__fp_splitA)
C:/Users/soft zone/Downloads/avr-gcc-14.1.0-x64-windows/avr-gcc-14.1.0-x64-windows/bin/../lib/gcc/avr/14.1.0/../../../../avr/lib/avr5\libm.a(fp_zero.o)
                              C:/Users/soft zone/Downloads/avr-gcc-14.1.0-x64-windows/avr-gcc-14.1.0-x64-windows/bin/../lib/gcc/avr/14.1.0/../../../../avr/lib/avr5\libm.a(fixunssfsi.o) (__fp_zero)
C:/Users/soft zone/Downloads/avr-gcc-14.1.0-x64-windows/avr-gcc-14.1.0-x64-windows/bin/../lib/gcc/avr/14.1.0/../../../../avr/lib/avr5\libm.a(gesf2.o)
                              ./Libraries_Eclipse/LCD/LCD_Program.o (__gtsf2)
C:/Users/soft zone/Downloads/avr-gcc-14.1.0-x64-windows/avr-gcc-14.1.0-x64-windows/bin/../lib/gcc/avr/14.1.0/../../../../avr/lib/avr5\libm.a(mulsf3.o)
                              ./Libraries_Eclipse/LCD/LCD_Program.o (__mulsf3)
C:/Users/soft zone/Downloads/avr-gcc-14.1.0-x64-windows/avr-gcc-14.1.0-x64-windows/bin/../lib/gcc/avr/14.1.0/../../../../avr/lib/avr5\libm.a(mulsf3x.o)
                              C:/Users/soft zone/Downloads/avr-gcc-14.1.0-x64-windows/avr-gcc-14.1.0-x64-windows/bin/../lib/gcc/avr/14.1.0/../../../../avr/lib/avr5\libm.a(mulsf3.o) (__mulsf3x)
C:/Users/soft zone/Downloads/avr-gcc-14.1.0-x64-windows/avr-gcc-14.1.0-x64-windows/bin/../lib/gcc/avr/14.1.0/../../../../avr/lib/avr5\libm.a(fp_inf.o)
                              C:/Users/soft zone/Downloads/avr-gcc-14.1.0-x64-windows/avr-gcc-14.1.0-x64-windows/bin/../lib/gcc/avr/14.1.0/../../../../avr/lib/avr5\libm.a(mulsf3x.o) (__fp_inf)
C:/Users/soft zone/Downloads/avr-gcc-14.1.0-x64-windows/avr-gcc-14.1.0-x64-windows/bin/../lib/gcc/avr/14.1.0/../../../../avr/lib/avr5\libm.a(fp_nan.o)
                              C:/Users/soft zone/Downloads/avr-gcc-14.1.0-x64-windows/avr-gcc-14.1.0-x64-windows/bin/../lib/gcc/avr/14.1.0/../../../../avr/lib/avr5\libm.a(mulsf3x.o) (__fp_nan)
C:/Users/soft zone/Downloads/avr-gcc-14.1.0-x64-windows/avr-gcc-14.1.0-x64-windows/bin/../lib/gcc/avr/14.1.0/../../../../avr/lib/avr5\libm.a(fp_pscA.o)
                              C:/Users/soft zone/Downloads/avr-gcc-14.1.0-x64-windows/avr-gcc-14.1.0-x64-windows/bin/../lib/gcc/avr/14.1.0/../../../../avr/lib/avr5\libm.a(mulsf3x.o) (__fp_pscA)
C:/Users/soft zone/Downloads/avr-gcc-14.1.0-x64-windows/avr-gcc-14.1.0-x64-windows/bin/../lib/gcc/avr/14.1.0/../../../../avr/lib/avr5\libm.a(fp_pscB.o)
                              C:/Users/soft zone/Downloads/avr-gcc-14.1.0-x64-windows/avr-gcc-14.1.0-x64-windows/bin/../lib/gcc/avr/14.1.0/../../../../avr/lib/avr5\libm.a(mulsf3x.o) (__fp_pscB)
C:/Users/soft zone/Downloads/avr-gcc-14.1.0-x64-windows/avr-gcc-14.1.0-x64-windows/bin/../lib/gcc/avr/14.1.0/../../../../avr/lib/avr5\libm.a(fp_round.o)
                              C:/Users/soft zone/Downloads/avr-gcc-14.1.0-x64-windows/avr-gcc-14.1.0-x64-windows/bin/../lib/gcc/avr/14.1.0/../../../../avr/lib/avr5\libm.a(mulsf3.o) (__fp_round)

There are no discarded input sections

Memory Configuration

Name             Origin             Length             Attributes
text             0x00000000         0x00004000         xr
data             0x00800060         0x00000400         rw!x
eeprom           0x00810000         0x00000200         rw!x
fuse             0x00820000         0x00000002         rw!x
lock             0x00830000         0x00000400         rw!x
signature        0x00840000         0x00000400         rw!x
user_signatures  0x00850000         0x00000400         rw!x
*default*        0x00000000         0xffffffff

Linker script and memory map

LOAD C:/Users/soft zone/Downloads/avr-gcc-14.1.0-x64-windows/avr-gcc-14.1.0-x64-windows/bin/../lib/gcc/avr/14.1.0/../../../../avr/lib/avr5/crtatmega16.o
LOAD ./Libraries_Eclipse/UART/UART_Prog.o
LOAD ./Libraries_Eclipse/TWI/TWI_PROGRAM.o
LOAD ./Libraries_Eclipse/TIMER1/TIMER1_prog.o
LOAD ./Libraries_Eclipse/TIMER0/TMR0_Program.o
LOAD ./Libraries_Eclipse/LCD/LCD_Program.o
LOAD ./Libraries_Eclipse/KEYPAD/KPD_Prgogram.o
LOAD ./Libraries_Eclipse/GIE/GIE_Program.o
LOAD ./Libraries_Eclipse/EXT_INT/EXTINT_Program.o
LOAD ./Libraries_Eclipse/DIO/DIO_Program.o
LOAD ./Libraries_Eclipse/ADC/ADC_Program.o
LOAD ./App/main.o
START GROUP
LOAD C:/Users/soft zone/Downloads/avr-gcc-14.1.0-x64-windows/avr-gcc-14.1.0-x64-windows/bin/../lib/gcc/avr/14.1.0/avr5\libgcc.a
LOAD C:/Users/soft zone/Downloads/avr-gcc-14.1.0-x64-windows/avr-gcc-14.1.0-x64-windows/bin/../lib/gcc/avr/14.1.0/../../../../avr/lib/avr5\libm.a
LOAD C:/Users/soft zone/Downloads/avr-gcc-14.1.0-x64-windows/avr-gcc-14.1.0-x64-windows/bin/../lib/gcc/avr/14.1.0/../../../../avr/lib/avr5\libc.a
LOAD C:/Users/soft zone/Downloads/avr-gcc-14.1.0-x64-windows/avr-gcc-14.1.0-x64-windows/bin/../lib/gcc/avr/14.1.0/../../../../avr/lib/avr5\libatmega16.a
END GROUP
                [0x00000000]                      __TEXT_REGION_ORIGIN__ = DEFINED (__TEXT_REGION_ORIGIN__)?__TEXT_REGION_ORIGIN__:0x0
                [0x00004000]                      __TEXT_REGION_LENGTH__ = DEFINED (__TEXT_REGION_LENGTH__)?__TEXT_REGION_LENGTH__:0x20000
                [0x00800060]                      __DATA_REGION_ORIGIN__ = DEFINED (__DATA_REGION_ORIGIN__)?__DATA_REGION_ORIGIN__:0x800060
                [0x00000400]                      __DATA_REGION_LENGTH__ = DEFINED (__DATA_REGION_LENGTH__)?__DATA_REGION_LENGTH__:0xffa0
                [0x00000200]                      __EEPROM_REGION_LENGTH__ = DEFINED (__EEPROM_REGION_LENGTH__)?__EEPROM_REGION_LENGTH__:0x10000
                [0x00000002]                      __FUSE_REGION_LENGTH__ = DEFINED (__FUSE_REGION_LENGTH__)?__FUSE_REGION_LENGTH__:0x400
                0x00000400                        __LOCK_REGION_LENGTH__ = DEFINED (__LOCK_REGION_LENGTH__)?__LOCK_REGION_LENGTH__:0x400
                0x00000400                        __SIGNATURE_REGION_LENGTH__ = DEFINED (__SIGNATURE_REGION_LENGTH__)?__SIGNATURE_REGION_LENGTH__:0x400
                0x00000400                        __USER_SIGNATURE_REGION_LENGTH__ = DEFINED (__USER_SIGNATURE_REGION_LENGTH__)?__USER_SIGNATURE_REGION_LENGTH__:0x400

.hash
 *(.hash)

.dynsym
 *(.dynsym)

.dynstr
 *(.dynstr)

.gnu.version
 *(.gnu.version)

.gnu.version_d
 *(.gnu.version_d)

.gnu.version_r
 *(.gnu.version_r)

.rel.init
 *(.rel.init)

.rela.init
 *(.rela.init)

.rel.text
 *(.rel.text)
 *(.rel.text.*)
 *(.rel.gnu.linkonce.t*)

.rela.text
 *(.rela.text)
 *(.rela.text.*)
 *(.rela.gnu.linkonce.t*)

.rel.fini
 *(.rel.fini)

.rela.fini
 *(.rela.fini)

.rel.rodata
 *(.rel.rodata)
 *(.rel.rodata.*)
 *(.rel.gnu.linkonce.r*)

.rela.rodata
 *(.rela.rodata)
 *(.rela.rodata.*)
 *(.rela.gnu.linkonce.r*)

.rel.data
 *(.rel.data)
 *(.rel.data.*)
 *(.rel.gnu.linkonce.d*)

.rela.data
 *(.rela.data)
 *(.rela.data.*)
 *(.rela.gnu.linkonce.d*)

.rel.ctors
 *(.rel.ctors)

.rela.ctors
 *(.rela.ctors)

.rel.dtors
 *(.rel.dtors)

.rela.dtors
 *(.rela.dtors)

.rel.got
 *(.rel.got)

.rela.got
 *(.rela.got)

.rel.bss
 *(.rel.bss)

.rela.bss
 *(.rela.bss)

.rel.plt
 *(.rel.plt)

.rela.plt
 *(.rela.plt)

.text           0x00000000     0x22be
 *(.vectors)
 .vectors       0x00000000       0x54 C:/Users/soft zone/Downloads/avr-gcc-14.1.0-x64-windows/avr-gcc-14.1.0-x64-windows/bin/../lib/gcc/avr/14.1.0/../../../../avr/lib/avr5/crtatmega16.o
                0x00000000                __vector_default
                0x00000000                __vectors
 *(.vectors)
 *(.progmem.gcc*)
                0x00000054                        . = ALIGN (0x2)
                0x00000054                        __trampolines_start = .
 *(.trampolines)
 .trampolines   0x00000054        0x0 linker stubs
 *(.trampolines*)
                0x00000054                        __trampolines_end = .
 *libprintf_flt.a:*(.progmem.data)
 *libc.a:*(.progmem.data)
 *(.progmem.*)
                0x00000054                        . = ALIGN (0x2)
 *(.lowtext)
 *(.lowtext*)
                0x00000054                        __ctors_start = .
 *(.ctors)
                0x00000054                        __ctors_end = .
                0x00000054                        __dtors_start = .
 *(.dtors)
                0x00000054                        __dtors_end = .
 SORT_BY_NAME(*)(.ctors)
 SORT_BY_NAME(*)(.dtors)
 *(.init0)
 .init0         0x00000054        0x0 C:/Users/soft zone/Downloads/avr-gcc-14.1.0-x64-windows/avr-gcc-14.1.0-x64-windows/bin/../lib/gcc/avr/14.1.0/../../../../avr/lib/avr5/crtatmega16.o
                0x00000054                __init
 *(.init0)
 *(.init1)
 *(.init1)
 *(.init2)
 .init2         0x00000054        0xc C:/Users/soft zone/Downloads/avr-gcc-14.1.0-x64-windows/avr-gcc-14.1.0-x64-windows/bin/../lib/gcc/avr/14.1.0/../../../../avr/lib/avr5/crtatmega16.o
 *(.init2)
 *(.init3)
 *(.init3)
 *(.init4)
 .init4         0x00000060       0x16 C:/Users/soft zone/Downloads/avr-gcc-14.1.0-x64-windows/avr-gcc-14.1.0-x64-windows/bin/../lib/gcc/avr/14.1.0/avr5\libgcc.a(_copy_data.o)
                0x00000060                __do_copy_data
 .init4         0x00000076       0x10 C:/Users/soft zone/Downloads/avr-gcc-14.1.0-x64-windows/avr-gcc-14.1.0-x64-windows/bin/../lib/gcc/avr/14.1.0/avr5\libgcc.a(_clear_bss.o)
                0x00000076                __do_clear_bss
 *(.init4)
 *(.init5)
 *(.init5)
 *(.init6)
 *(.init6)
 *(.init7)
 *(.init7)
 *(.init8)
 *(.init8)
 *(.init9)
 .init9         0x00000086        0x8 C:/Users/soft zone/Downloads/avr-gcc-14.1.0-x64-windows/avr-gcc-14.1.0-x64-windows/bin/../lib/gcc/avr/14.1.0/../../../../avr/lib/avr5/crtatmega16.o
 *(.init9)
 *(.text)
 .text          0x0000008e        0x4 C:/Users/soft zone/Downloads/avr-gcc-14.1.0-x64-windows/avr-gcc-14.1.0-x64-windows/bin/../lib/gcc/avr/14.1.0/../../../../avr/lib/avr5/crtatmega16.o
                0x0000008e                __vector_12
                0x0000008e                __bad_interrupt
                0x0000008e                __vector_6
                0x0000008e                __vector_11
                0x0000008e                __vector_13
                0x0000008e                __vector_17
                0x0000008e                __vector_19
                0x0000008e                __vector_7
                0x0000008e                __vector_5
                0x0000008e                __vector_4
                0x0000008e                __vector_9
                0x0000008e                __vector_15
                0x0000008e                __vector_8
                0x0000008e                __vector_14
                0x0000008e                __vector_10
                0x0000008e                __vector_16
                0x0000008e                __vector_18
                0x0000008e                __vector_20
 .text          0x00000092        0x0 ./Libraries_Eclipse/UART/UART_Prog.o
 .text          0x00000092        0x0 ./Libraries_Eclipse/TWI/TWI_PROGRAM.o
 .text          0x00000092        0x0 ./Libraries_Eclipse/TIMER1/TIMER1_prog.o
 .text          0x00000092        0x0 ./Libraries_Eclipse/TIMER0/TMR0_Program.o
 .text          0x00000092        0x0 ./Libraries_Eclipse/LCD/LCD_Program.o
 .text          0x00000092        0x0 ./Libraries_Eclipse/KEYPAD/KPD_Prgogram.o
 .text          0x00000092        0x0 ./Libraries_Eclipse/GIE/GIE_Program.o
 .text          0x00000092        0x0 ./Libraries_Eclipse/EXT_INT/EXTINT_Program.o
 .text          0x00000092        0x0 ./Libraries_Eclipse/DIO/DIO_Program.o
 .text          0x00000092        0x0 ./Libraries_Eclipse/ADC/ADC_Program.o
 .text          0x00000092        0x0 ./App/main.o
 .text          0x00000092        0x0 C:/Users/soft zone/Downloads/avr-gcc-14.1.0-x64-windows/avr-gcc-14.1.0-x64-windows/bin/../lib/gcc/avr/14.1.0/avr5\libgcc.a(_mulsi3.o)
 .text          0x00000092        0x0 C:/Users/soft zone/Downloads/avr-gcc-14.1.0-x64-windows/avr-gcc-14.1.0-x64-windows/bin/../lib/gcc/avr/14.1.0/avr5\libgcc.a(_udivmodsi4.o)
 .text          0x00000092        0x0 C:/Users/soft zone/Downloads/avr-gcc-14.1.0-x64-windows/avr-gcc-14.1.0-x64-windows/bin/../lib/gcc/avr/14.1.0/avr5\libgcc.a(_exit.o)
 .text          0x00000092        0x0 C:/Users/soft zone/Downloads/avr-gcc-14.1.0-x64-windows/avr-gcc-14.1.0-x64-windows/bin/../lib/gcc/avr/14.1.0/avr5\libgcc.a(_copy_data.o)
 .text          0x00000092        0x0 C:/Users/soft zone/Downloads/avr-gcc-14.1.0-x64-windows/avr-gcc-14.1.0-x64-windows/bin/../lib/gcc/avr/14.1.0/avr5\libgcc.a(_clear_bss.o)
 .text          0x00000092        0x0 C:/Users/soft zone/Downloads/avr-gcc-14.1.0-x64-windows/avr-gcc-14.1.0-x64-windows/bin/../lib/gcc/avr/14.1.0/avr5\libgcc.a(_muluhisi3.o)
 .text          0x00000092        0x0 C:/Users/soft zone/Downloads/avr-gcc-14.1.0-x64-windows/avr-gcc-14.1.0-x64-windows/bin/../lib/gcc/avr/14.1.0/avr5\libgcc.a(_umulhisi3.o)
 .text          0x00000092        0x0 C:/Users/soft zone/Downloads/avr-gcc-14.1.0-x64-windows/avr-gcc-14.1.0-x64-windows/bin/../lib/gcc/avr/14.1.0/../../../../avr/lib/avr5\libm.a(cmpsf2.o)
 .text          0x00000092        0x0 C:/Users/soft zone/Downloads/avr-gcc-14.1.0-x64-windows/avr-gcc-14.1.0-x64-windows/bin/../lib/gcc/avr/14.1.0/../../../../avr/lib/avr5\libm.a(fixunssfsi.o)
 .text          0x00000092        0x0 C:/Users/soft zone/Downloads/avr-gcc-14.1.0-x64-windows/avr-gcc-14.1.0-x64-windows/bin/../lib/gcc/avr/14.1.0/../../../../avr/lib/avr5\libm.a(fp_cmp.o)
 .text          0x00000092        0x0 C:/Users/soft zone/Downloads/avr-gcc-14.1.0-x64-windows/avr-gcc-14.1.0-x64-windows/bin/../lib/gcc/avr/14.1.0/../../../../avr/lib/avr5\libm.a(fp_split3.o)
 .text          0x00000092        0x0 C:/Users/soft zone/Downloads/avr-gcc-14.1.0-x64-windows/avr-gcc-14.1.0-x64-windows/bin/../lib/gcc/avr/14.1.0/../../../../avr/lib/avr5\libm.a(fp_zero.o)
 .text          0x00000092        0x0 C:/Users/soft zone/Downloads/avr-gcc-14.1.0-x64-windows/avr-gcc-14.1.0-x64-windows/bin/../lib/gcc/avr/14.1.0/../../../../avr/lib/avr5\libm.a(gesf2.o)
 .text          0x00000092        0x0 C:/Users/soft zone/Downloads/avr-gcc-14.1.0-x64-windows/avr-gcc-14.1.0-x64-windows/bin/../lib/gcc/avr/14.1.0/../../../../avr/lib/avr5\libm.a(mulsf3.o)
 .text          0x00000092        0x0 C:/Users/soft zone/Downloads/avr-gcc-14.1.0-x64-windows/avr-gcc-14.1.0-x64-windows/bin/../lib/gcc/avr/14.1.0/../../../../avr/lib/avr5\libm.a(mulsf3x.o)
 .text          0x00000092        0x0 C:/Users/soft zone/Downloads/avr-gcc-14.1.0-x64-windows/avr-gcc-14.1.0-x64-windows/bin/../lib/gcc/avr/14.1.0/../../../../avr/lib/avr5\libm.a(fp_inf.o)
 .text          0x00000092        0x0 C:/Users/soft zone/Downloads/avr-gcc-14.1.0-x64-windows/avr-gcc-14.1.0-x64-windows/bin/../lib/gcc/avr/14.1.0/../../../../avr/lib/avr5\libm.a(fp_nan.o)
 .text          0x00000092        0x0 C:/Users/soft zone/Downloads/avr-gcc-14.1.0-x64-windows/avr-gcc-14.1.0-x64-windows/bin/../lib/gcc/avr/14.1.0/../../../../avr/lib/avr5\libm.a(fp_pscA.o)
 .text          0x00000092        0x0 C:/Users/soft zone/Downloads/avr-gcc-14.1.0-x64-windows/avr-gcc-14.1.0-x64-windows/bin/../lib/gcc/avr/14.1.0/../../../../avr/lib/avr5\libm.a(fp_pscB.o)
 .text          0x00000092        0x0 C:/Users/soft zone/Downloads/avr-gcc-14.1.0-x64-windows/avr-gcc-14.1.0-x64-windows/bin/../lib/gcc/avr/14.1.0/../../../../avr/lib/avr5\libm.a(fp_round.o)
                0x00000092                        . = ALIGN (0x2)
 *(.text.*)
 .text.UART_VoidInit
                0x00000092       0x7e ./Libraries_Eclipse/UART/UART_Prog.o
                0x00000092                UART_VoidInit
 .text.UART_VoidSendChar
                0x00000110       0x90 ./Libraries_Eclipse/UART/UART_Prog.o
                0x00000110                UART_VoidSendChar
 .text.UART_VoidSendString
                0x000001a0       0x56 ./Libraries_Eclipse/UART/UART_Prog.o
                0x000001a0                UART_VoidSendString
 .text.UART_VoidReceiveString
                0x000001f6       0x7a ./Libraries_Eclipse/UART/UART_Prog.o
                0x000001f6                UART_VoidReceiveString
 .text.UART_U8ReceiveChar
                0x00000270       0x3e ./Libraries_Eclipse/UART/UART_Prog.o
                0x00000270                UART_U8ReceiveChar
 .text.UART_SendNumber
                0x000002ae       0xe0 ./Libraries_Eclipse/UART/UART_Prog.o
                0x000002ae                UART_SendNumber
 .text.TWI_MasterInit
                0x0000038e       0x44 ./Libraries_Eclipse/TWI/TWI_PROGRAM.o
                0x0000038e                TWI_MasterInit
 .text.TWI_StartCondition
                0x000003d2       0x50 ./Libraries_Eclipse/TWI/TWI_PROGRAM.o
                0x000003d2                TWI_StartCondition
 .text.TWI_Stop
                0x00000422       0x3a ./Libraries_Eclipse/TWI/TWI_PROGRAM.o
                0x00000422                TWI_Stop
 .text.TWI_SendAddress
                0x0000045c       0x62 ./Libraries_Eclipse/TWI/TWI_PROGRAM.o
                0x0000045c                TWI_SendAddress
 .text.TWI_WriteData
                0x000004be       0x52 ./Libraries_Eclipse/TWI/TWI_PROGRAM.o
                0x000004be                TWI_WriteData
 .text.TWI_ReadData_ACK
                0x00000510       0x54 ./Libraries_Eclipse/TWI/TWI_PROGRAM.o
                0x00000510                TWI_ReadData_ACK
 .text.TWI_ReadData_NACK
                0x00000564       0x54 ./Libraries_Eclipse/TWI/TWI_PROGRAM.o
                0x00000564                TWI_ReadData_NACK
 .text.TWI_SlaveInit
                0x000005b8       0x4c ./Libraries_Eclipse/TWI/TWI_PROGRAM.o
                0x000005b8                TWI_SlaveInit
 .text.TWI_SlaveWaitMaster
                0x00000604       0x26 ./Libraries_Eclipse/TWI/TWI_PROGRAM.o
                0x00000604                TWI_SlaveWaitMaster
 .text.TWI_SlaveRead
                0x0000062a       0x54 ./Libraries_Eclipse/TWI/TWI_PROGRAM.o
                0x0000062a                TWI_SlaveRead
 .text.TWI_SlaveWrite
                0x0000067e       0x60 ./Libraries_Eclipse/TWI/TWI_PROGRAM.o
                0x0000067e                TWI_SlaveWrite
 .text.TWI_EnableGeneralCall
                0x000006de       0x1e ./Libraries_Eclipse/TWI/TWI_PROGRAM.o
                0x000006de                TWI_EnableGeneralCall
 .text.M_TIMER1_voidPwm1Init
                0x000006fc       0x86 ./Libraries_Eclipse/TIMER1/TIMER1_prog.o
                0x000006fc                M_TIMER1_voidPwm1Init
 .text.M_TIMER1_voidPwm1SetTop
                0x00000782       0x1e ./Libraries_Eclipse/TIMER1/TIMER1_prog.o
                0x00000782                M_TIMER1_voidPwm1SetTop
 .text.M_TIMER1_voidPwm1SetDutyCycle
                0x000007a0       0x28 ./Libraries_Eclipse/TIMER1/TIMER1_prog.o
                0x000007a0                M_TIMER1_voidPwm1SetDutyCycle
 .text.M_TIMER1_voidPwm1Start
                0x000007c8       0x46 ./Libraries_Eclipse/TIMER1/TIMER1_prog.o
                0x000007c8                M_TIMER1_voidPwm1Start
 .text.M_TIMER1_voidPwm1Stop
                0x0000080e       0x46 ./Libraries_Eclipse/TIMER1/TIMER1_prog.o
                0x0000080e                M_TIMER1_voidPwm1Stop
 .text.TIMER0_VoidInit
                0x00000854       0x46 ./Libraries_Eclipse/TIMER0/TMR0_Program.o
                0x00000854                TIMER0_VoidInit
 .text.TIMER0_VoidStop
                0x0000089a       0x1e ./Libraries_Eclipse/TIMER0/TMR0_Program.o
                0x0000089a                TIMER0_VoidStop
 .text.TIMER0_VoidStart
                0x000008b8       0x20 ./Libraries_Eclipse/TIMER0/TMR0_Program.o
                0x000008b8                TIMER0_VoidStart
 .text.TIMER0_VoidSetPreload
                0x000008d8       0x20 ./Libraries_Eclipse/TIMER0/TMR0_Program.o
                0x000008d8                TIMER0_VoidSetPreload
 .text.TIMER0_VoidVal
                0x000008f8       0x16 ./Libraries_Eclipse/TIMER0/TMR0_Program.o
                0x000008f8                TIMER0_VoidVal
 .text.TIMER0_VoidSetPWMCompareMatch
                0x0000090e       0x60 ./Libraries_Eclipse/TIMER0/TMR0_Program.o
                0x0000090e                TIMER0_VoidSetPWMCompareMatch
 .text.WDT_VoidEnabel
                0x0000096e       0x1e ./Libraries_Eclipse/TIMER0/TMR0_Program.o
                0x0000096e                WDT_VoidEnabel
 .text.WDT_VoidDisEnabel
                0x0000098c       0x28 ./Libraries_Eclipse/TIMER0/TMR0_Program.o
                0x0000098c                WDT_VoidDisEnabel
 .text.WDT_VoidSleep
                0x000009b4       0x2c ./Libraries_Eclipse/TIMER0/TMR0_Program.o
                0x000009b4                WDT_VoidSleep
 .text.LCD_voidInit
                0x000009e0      0x16a ./Libraries_Eclipse/LCD/LCD_Program.o
                0x000009e0                LCD_voidInit
 .text.LCD_voidWriteBitsToSend
                0x00000b4a      0x2b4 ./Libraries_Eclipse/LCD/LCD_Program.o
 .text.LCD_voidWriteData
                0x00000dfe       0x26 ./Libraries_Eclipse/LCD/LCD_Program.o
                0x00000dfe                LCD_voidWriteData
 .text.LCD_voidWriteCommand
                0x00000e24       0x26 ./Libraries_Eclipse/LCD/LCD_Program.o
                0x00000e24                LCD_voidWriteCommand
 .text.LCD_voidWriteString
                0x00000e4a       0x5a ./Libraries_Eclipse/LCD/LCD_Program.o
                0x00000e4a                LCD_voidWriteString
 .text.LCD_voidGoToXY
                0x00000ea4       0x5a ./Libraries_Eclipse/LCD/LCD_Program.o
                0x00000ea4                LCD_voidGoToXY
 .text.LCD_voidClear
                0x00000efe       0x16 ./Libraries_Eclipse/LCD/LCD_Program.o
                0x00000efe                LCD_voidClear
 .text.LCD_voidWriteNumber
                0x00000f14       0xec ./Libraries_Eclipse/LCD/LCD_Program.o
                0x00000f14                LCD_voidWriteNumber
 .text.LCD_voidWriteSpecialCharToCGRAM
                0x00001000       0x62 ./Libraries_Eclipse/LCD/LCD_Program.o
                0x00001000                LCD_voidWriteSpecialCharToCGRAM
 .text.LCD_voidDisplaySpecialChar
                0x00001062       0x1c ./Libraries_Eclipse/LCD/LCD_Program.o
                0x00001062                LCD_voidDisplaySpecialChar
 .text.KPD_voidInit
                0x0000107e       0xc8 ./Libraries_Eclipse/KEYPAD/KPD_Prgogram.o
                0x0000107e                KPD_voidInit
 .text.KPD_voidGetPressedKey
                0x00001146      0x136 ./Libraries_Eclipse/KEYPAD/KPD_Prgogram.o
                0x00001146                KPD_voidGetPressedKey
 .text.GIE_Enable
                0x0000127c       0x22 ./Libraries_Eclipse/GIE/GIE_Program.o
                0x0000127c                GIE_Enable
 .text.GIE_Disable
                0x0000129e       0x22 ./Libraries_Eclipse/GIE/GIE_Program.o
                0x0000129e                GIE_Disable
 .text.EXTINT_voidInit
                0x000012c0      0x194 ./Libraries_Eclipse/EXT_INT/EXTINT_Program.o
                0x000012c0                EXTINT_voidInit
 .text.EXTINT_voidSetCallBack
                0x00001454       0x72 ./Libraries_Eclipse/EXT_INT/EXTINT_Program.o
                0x00001454                EXTINT_voidSetCallBack
 .text.__vector_1
                0x000014c6       0x6a ./Libraries_Eclipse/EXT_INT/EXTINT_Program.o
                0x000014c6                __vector_1
 .text.__vector_2
                0x00001530       0x6a ./Libraries_Eclipse/EXT_INT/EXTINT_Program.o
                0x00001530                __vector_2
 .text.__vector_3
                0x0000159a       0x6a ./Libraries_Eclipse/EXT_INT/EXTINT_Program.o
                0x0000159a                __vector_3
 .text.DIO_voidSetPortDirection
                0x00001604       0x74 ./Libraries_Eclipse/DIO/DIO_Program.o
                0x00001604                DIO_voidSetPortDirection
 .text.DIO_voidSetPortValue
                0x00001678       0x74 ./Libraries_Eclipse/DIO/DIO_Program.o
                0x00001678                DIO_voidSetPortValue
 .text.DIO_voidSetPinDirection
                0x000016ec      0x206 ./Libraries_Eclipse/DIO/DIO_Program.o
                0x000016ec                DIO_voidSetPinDirection
 .text.DIO_voidSetPinValue
                0x000018f2      0x200 ./Libraries_Eclipse/DIO/DIO_Program.o
                0x000018f2                DIO_voidSetPinValue
 .text.DIO_u8GetBitValue
                0x00001af2       0xe6 ./Libraries_Eclipse/DIO/DIO_Program.o
                0x00001af2                DIO_u8GetBitValue
 .text.DIO_voidToggelPin
                0x00001bd8      0x102 ./Libraries_Eclipse/DIO/DIO_Program.o
                0x00001bd8                DIO_voidToggelPin
 .text.ADC_voidInit
                0x00001cda       0x68 ./Libraries_Eclipse/ADC/ADC_Program.o
                0x00001cda                ADC_voidInit
 .text.ADC_voidChannelSellect
                0x00001d42       0x3e ./Libraries_Eclipse/ADC/ADC_Program.o
                0x00001d42                ADC_voidChannelSellect
 .text.ADC_StartConversionBoling
                0x00001d80       0xc6 ./Libraries_Eclipse/ADC/ADC_Program.o
                0x00001d80                ADC_StartConversionBoling
 .text.ADC_StartConversion
                0x00001e46       0x1e ./Libraries_Eclipse/ADC/ADC_Program.o
                0x00001e46                ADC_StartConversion
 .text.ADC_voidChannelMulBoling
                0x00001e64       0x60 ./Libraries_Eclipse/ADC/ADC_Program.o
                0x00001e64                ADC_voidChannelMulBoling
 .text.ADC_Mapping
                0x00001ec4       0xd4 ./Libraries_Eclipse/ADC/ADC_Program.o
                0x00001ec4                ADC_Mapping
 .text.main     0x00001f98       0x54 ./App/main.o
                0x00001f98                main
 .text.libgcc.mul
                0x00001fec       0x20 C:/Users/soft zone/Downloads/avr-gcc-14.1.0-x64-windows/avr-gcc-14.1.0-x64-windows/bin/../lib/gcc/avr/14.1.0/avr5\libgcc.a(_mulsi3.o)
                0x00001fec                __mulsi3
 .text.libgcc.div
                0x0000200c        0x0 C:/Users/soft zone/Downloads/avr-gcc-14.1.0-x64-windows/avr-gcc-14.1.0-x64-windows/bin/../lib/gcc/avr/14.1.0/avr5\libgcc.a(_mulsi3.o)
 .text.libgcc   0x0000200c        0x0 C:/Users/soft zone/Downloads/avr-gcc-14.1.0-x64-windows/avr-gcc-14.1.0-x64-windows/bin/../lib/gcc/avr/14.1.0/avr5\libgcc.a(_mulsi3.o)
 .text.libgcc.prologue
                0x0000200c        0x0 C:/Users/soft zone/Downloads/avr-gcc-14.1.0-x64-windows/avr-gcc-14.1.0-x64-windows/bin/../lib/gcc/avr/14.1.0/avr5\libgcc.a(_mulsi3.o)
 .text.libgcc.builtins
                0x0000200c        0x0 C:/Users/soft zone/Downloads/avr-gcc-14.1.0-x64-windows/avr-gcc-14.1.0-x64-windows/bin/../lib/gcc/avr/14.1.0/avr5\libgcc.a(_mulsi3.o)
 .text.libgcc.fmul
                0x0000200c        0x0 C:/Users/soft zone/Downloads/avr-gcc-14.1.0-x64-windows/avr-gcc-14.1.0-x64-windows/bin/../lib/gcc/avr/14.1.0/avr5\libgcc.a(_mulsi3.o)
 .text.libgcc.fixed
                0x0000200c        0x0 C:/Users/soft zone/Downloads/avr-gcc-14.1.0-x64-windows/avr-gcc-14.1.0-x64-windows/bin/../lib/gcc/avr/14.1.0/avr5\libgcc.a(_mulsi3.o)
 .text.libgcc.mul
                0x0000200c        0x0 C:/Users/soft zone/Downloads/avr-gcc-14.1.0-x64-windows/avr-gcc-14.1.0-x64-windows/bin/../lib/gcc/avr/14.1.0/avr5\libgcc.a(_udivmodsi4.o)
 .text.libgcc.div
                0x0000200c       0x44 C:/Users/soft zone/Downloads/avr-gcc-14.1.0-x64-windows/avr-gcc-14.1.0-x64-windows/bin/../lib/gcc/avr/14.1.0/avr5\libgcc.a(_udivmodsi4.o)
                0x0000200c                __udivmodsi4
 .text.libgcc   0x00002050        0x0 C:/Users/soft zone/Downloads/avr-gcc-14.1.0-x64-windows/avr-gcc-14.1.0-x64-windows/bin/../lib/gcc/avr/14.1.0/avr5\libgcc.a(_udivmodsi4.o)
 .text.libgcc.prologue
                0x00002050        0x0 C:/Users/soft zone/Downloads/avr-gcc-14.1.0-x64-windows/avr-gcc-14.1.0-x64-windows/bin/../lib/gcc/avr/14.1.0/avr5\libgcc.a(_udivmodsi4.o)
 .text.libgcc.builtins
                0x00002050        0x0 C:/Users/soft zone/Downloads/avr-gcc-14.1.0-x64-windows/avr-gcc-14.1.0-x64-windows/bin/../lib/gcc/avr/14.1.0/avr5\libgcc.a(_udivmodsi4.o)
 .text.libgcc.fmul
                0x00002050        0x0 C:/Users/soft zone/Downloads/avr-gcc-14.1.0-x64-windows/avr-gcc-14.1.0-x64-windows/bin/../lib/gcc/avr/14.1.0/avr5\libgcc.a(_udivmodsi4.o)
 .text.libgcc.fixed
                0x00002050        0x0 C:/Users/soft zone/Downloads/avr-gcc-14.1.0-x64-windows/avr-gcc-14.1.0-x64-windows/bin/../lib/gcc/avr/14.1.0/avr5\libgcc.a(_udivmodsi4.o)
 .text.libgcc.mul
                0x00002050        0x0 C:/Users/soft zone/Downloads/avr-gcc-14.1.0-x64-windows/avr-gcc-14.1.0-x64-windows/bin/../lib/gcc/avr/14.1.0/avr5\libgcc.a(_exit.o)
 .text.libgcc.div
                0x00002050        0x0 C:/Users/soft zone/Downloads/avr-gcc-14.1.0-x64-windows/avr-gcc-14.1.0-x64-windows/bin/../lib/gcc/avr/14.1.0/avr5\libgcc.a(_exit.o)
 .text.libgcc   0x00002050        0x0 C:/Users/soft zone/Downloads/avr-gcc-14.1.0-x64-windows/avr-gcc-14.1.0-x64-windows/bin/../lib/gcc/avr/14.1.0/avr5\libgcc.a(_exit.o)
 .text.libgcc.prologue
                0x00002050        0x0 C:/Users/soft zone/Downloads/avr-gcc-14.1.0-x64-windows/avr-gcc-14.1.0-x64-windows/bin/../lib/gcc/avr/14.1.0/avr5\libgcc.a(_exit.o)
 .text.libgcc.builtins
                0x00002050        0x0 C:/Users/soft zone/Downloads/avr-gcc-14.1.0-x64-windows/avr-gcc-14.1.0-x64-windows/bin/../lib/gcc/avr/14.1.0/avr5\libgcc.a(_exit.o)
 .text.libgcc.fmul
                0x00002050        0x0 C:/Users/soft zone/Downloads/avr-gcc-14.1.0-x64-windows/avr-gcc-14.1.0-x64-windows/bin/../lib/gcc/avr/14.1.0/avr5\libgcc.a(_exit.o)
 .text.libgcc.fixed
                0x00002050        0x0 C:/Users/soft zone/Downloads/avr-gcc-14.1.0-x64-windows/avr-gcc-14.1.0-x64-windows/bin/../lib/gcc/avr/14.1.0/avr5\libgcc.a(_exit.o)
 .text.libgcc.mul
                0x00002050        0x0 C:/Users/soft zone/Downloads/avr-gcc-14.1.0-x64-windows/avr-gcc-14.1.0-x64-windows/bin/../lib/gcc/avr/14.1.0/avr5\libgcc.a(_copy_data.o)
 .text.libgcc.div
                0x00002050        0x0 C:/Users/soft zone/Downloads/avr-gcc-14.1.0-x64-windows/avr-gcc-14.1.0-x64-windows/bin/../lib/gcc/avr/14.1.0/avr5\libgcc.a(_copy_data.o)
 .text.libgcc   0x00002050        0x0 C:/Users/soft zone/Downloads/avr-gcc-14.1.0-x64-windows/avr-gcc-14.1.0-x64-windows/bin/../lib/gcc/avr/14.1.0/avr5\libgcc.a(_copy_data.o)
 .text.libgcc.prologue
                0x00002050        0x0 C:/Users/soft zone/Downloads/avr-gcc-14.1.0-x64-windows/avr-gcc-14.1.0-x64-windows/bin/../lib/gcc/avr/14.1.0/avr5\libgcc.a(_copy_data.o)
 .text.libgcc.builtins
                0x00002050        0x0 C:/Users/soft zone/Downloads/avr-gcc-14.1.0-x64-windows/avr-gcc-14.1.0-x64-windows/bin/../lib/gcc/avr/14.1.0/avr5\libgcc.a(_copy_data.o)
 .text.libgcc.fmul
                0x00002050        0x0 C:/Users/soft zone/Downloads/avr-gcc-14.1.0-x64-windows/avr-gcc-14.1.0-x64-windows/bin/../lib/gcc/avr/14.1.0/avr5\libgcc.a(_copy_data.o)
 .text.libgcc.fixed
                0x00002050        0x0 C:/Users/soft zone/Downloads/avr-gcc-14.1.0-x64-windows/avr-gcc-14.1.0-x64-windows/bin/../lib/gcc/avr/14.1.0/avr5\libgcc.a(_copy_data.o)
 .text.libgcc.mul
                0x00002050        0x0 C:/Users/soft zone/Downloads/avr-gcc-14.1.0-x64-windows/avr-gcc-14.1.0-x64-windows/bin/../lib/gcc/avr/14.1.0/avr5\libgcc.a(_clear_bss.o)
 .text.libgcc.div
                0x00002050        0x0 C:/Users/soft zone/Downloads/avr-gcc-14.1.0-x64-windows/avr-gcc-14.1.0-x64-windows/bin/../lib/gcc/avr/14.1.0/avr5\libgcc.a(_clear_bss.o)
 .text.libgcc   0x00002050        0x0 C:/Users/soft zone/Downloads/avr-gcc-14.1.0-x64-windows/avr-gcc-14.1.0-x64-windows/bin/../lib/gcc/avr/14.1.0/avr5\libgcc.a(_clear_bss.o)
 .text.libgcc.prologue
                0x00002050        0x0 C:/Users/soft zone/Downloads/avr-gcc-14.1.0-x64-windows/avr-gcc-14.1.0-x64-windows/bin/../lib/gcc/avr/14.1.0/avr5\libgcc.a(_clear_bss.o)
 .text.libgcc.builtins
                0x00002050        0x0 C:/Users/soft zone/Downloads/avr-gcc-14.1.0-x64-windows/avr-gcc-14.1.0-x64-windows/bin/../lib/gcc/avr/14.1.0/avr5\libgcc.a(_clear_bss.o)
 .text.libgcc.fmul
                0x00002050        0x0 C:/Users/soft zone/Downloads/avr-gcc-14.1.0-x64-windows/avr-gcc-14.1.0-x64-windows/bin/../lib/gcc/avr/14.1.0/avr5\libgcc.a(_clear_bss.o)
 .text.libgcc.fixed
                0x00002050        0x0 C:/Users/soft zone/Downloads/avr-gcc-14.1.0-x64-windows/avr-gcc-14.1.0-x64-windows/bin/../lib/gcc/avr/14.1.0/avr5\libgcc.a(_clear_bss.o)
 .text.libgcc.mul
                0x00002050       0x16 C:/Users/soft zone/Downloads/avr-gcc-14.1.0-x64-windows/avr-gcc-14.1.0-x64-windows/bin/../lib/gcc/avr/14.1.0/avr5\libgcc.a(_muluhisi3.o)
                0x00002050                __muluhisi3
 .text.libgcc.div
                0x00002066        0x0 C:/Users/soft zone/Downloads/avr-gcc-14.1.0-x64-windows/avr-gcc-14.1.0-x64-windows/bin/../lib/gcc/avr/14.1.0/avr5\libgcc.a(_muluhisi3.o)
 .text.libgcc   0x00002066        0x0 C:/Users/soft zone/Downloads/avr-gcc-14.1.0-x64-windows/avr-gcc-14.1.0-x64-windows/bin/../lib/gcc/avr/14.1.0/avr5\libgcc.a(_muluhisi3.o)
 .text.libgcc.prologue
                0x00002066        0x0 C:/Users/soft zone/Downloads/avr-gcc-14.1.0-x64-windows/avr-gcc-14.1.0-x64-windows/bin/../lib/gcc/avr/14.1.0/avr5\libgcc.a(_muluhisi3.o)
 .text.libgcc.builtins
                0x00002066        0x0 C:/Users/soft zone/Downloads/avr-gcc-14.1.0-x64-windows/avr-gcc-14.1.0-x64-windows/bin/../lib/gcc/avr/14.1.0/avr5\libgcc.a(_muluhisi3.o)
 .text.libgcc.fmul
                0x00002066        0x0 C:/Users/soft zone/Downloads/avr-gcc-14.1.0-x64-windows/avr-gcc-14.1.0-x64-windows/bin/../lib/gcc/avr/14.1.0/avr5\libgcc.a(_muluhisi3.o)
 .text.libgcc.fixed
                0x00002066        0x0 C:/Users/soft zone/Downloads/avr-gcc-14.1.0-x64-windows/avr-gcc-14.1.0-x64-windows/bin/../lib/gcc/avr/14.1.0/avr5\libgcc.a(_muluhisi3.o)
 .text.libgcc.mul
                0x00002066       0x1e C:/Users/soft zone/Downloads/avr-gcc-14.1.0-x64-windows/avr-gcc-14.1.0-x64-windows/bin/../lib/gcc/avr/14.1.0/avr5\libgcc.a(_umulhisi3.o)
                0x00002066                __umulhisi3
 .text.libgcc.div
                0x00002084        0x0 C:/Users/soft zone/Downloads/avr-gcc-14.1.0-x64-windows/avr-gcc-14.1.0-x64-windows/bin/../lib/gcc/avr/14.1.0/avr5\libgcc.a(_umulhisi3.o)
 .text.libgcc   0x00002084        0x0 C:/Users/soft zone/Downloads/avr-gcc-14.1.0-x64-windows/avr-gcc-14.1.0-x64-windows/bin/../lib/gcc/avr/14.1.0/avr5\libgcc.a(_umulhisi3.o)
 .text.libgcc.prologue
                0x00002084        0x0 C:/Users/soft zone/Downloads/avr-gcc-14.1.0-x64-windows/avr-gcc-14.1.0-x64-windows/bin/../lib/gcc/avr/14.1.0/avr5\libgcc.a(_umulhisi3.o)
 .text.libgcc.builtins
                0x00002084        0x0 C:/Users/soft zone/Downloads/avr-gcc-14.1.0-x64-windows/avr-gcc-14.1.0-x64-windows/bin/../lib/gcc/avr/14.1.0/avr5\libgcc.a(_umulhisi3.o)
 .text.libgcc.fmul
                0x00002084        0x0 C:/Users/soft zone/Downloads/avr-gcc-14.1.0-x64-windows/avr-gcc-14.1.0-x64-windows/bin/../lib/gcc/avr/14.1.0/avr5\libgcc.a(_umulhisi3.o)
 .text.libgcc.fixed
                0x00002084        0x0 C:/Users/soft zone/Downloads/avr-gcc-14.1.0-x64-windows/avr-gcc-14.1.0-x64-windows/bin/../lib/gcc/avr/14.1.0/avr5\libgcc.a(_umulhisi3.o)
 .text.avr-libc.fplib
                0x00002084        0xa C:/Users/soft zone/Downloads/avr-gcc-14.1.0-x64-windows/avr-gcc-14.1.0-x64-windows/bin/../lib/gcc/avr/14.1.0/../../../../avr/lib/avr5\libm.a(cmpsf2.o)
                0x00002084                __nesf2
                0x00002084                __eqsf2
                0x00002084                __cmpsf2
                0x00002084                __ltsf2
                0x00002084                __lesf2
 .text.avr-libc.fplib
                0x0000208e       0x5e C:/Users/soft zone/Downloads/avr-gcc-14.1.0-x64-windows/avr-gcc-14.1.0-x64-windows/bin/../lib/gcc/avr/14.1.0/../../../../avr/lib/avr5\libm.a(fixunssfsi.o)
                0x0000208e                __fixunssfsi
 .text.avr-libc.fplib
                0x000020ec       0x48 C:/Users/soft zone/Downloads/avr-gcc-14.1.0-x64-windows/avr-gcc-14.1.0-x64-windows/bin/../lib/gcc/avr/14.1.0/../../../../avr/lib/avr5\libm.a(fp_cmp.o)
                0x000020ec                __fp_cmp
 .text.avr-libc.fplib
                0x00002134       0x44 C:/Users/soft zone/Downloads/avr-gcc-14.1.0-x64-windows/avr-gcc-14.1.0-x64-windows/bin/../lib/gcc/avr/14.1.0/../../../../avr/lib/avr5\libm.a(fp_split3.o)
                0x00002134                __fp_split3
                0x00002144                __fp_splitA
 .text.avr-libc.fplib
                0x00002178        0xe C:/Users/soft zone/Downloads/avr-gcc-14.1.0-x64-windows/avr-gcc-14.1.0-x64-windows/bin/../lib/gcc/avr/14.1.0/../../../../avr/lib/avr5\libm.a(fp_zero.o)
                0x00002178                __fp_zero
                0x0000217a                __fp_szero
 .text.avr-libc.fplib
                0x00002186        0xa C:/Users/soft zone/Downloads/avr-gcc-14.1.0-x64-windows/avr-gcc-14.1.0-x64-windows/bin/../lib/gcc/avr/14.1.0/../../../../avr/lib/avr5\libm.a(gesf2.o)
                0x00002186                __gesf2
                0x00002186                __gtsf2
 .text.avr-libc.fplib
                0x00002190        0x8 C:/Users/soft zone/Downloads/avr-gcc-14.1.0-x64-windows/avr-gcc-14.1.0-x64-windows/bin/../lib/gcc/avr/14.1.0/../../../../avr/lib/avr5\libm.a(mulsf3.o)
                0x00002190                __mulsf3
 .text.avr-libc.fplib
                0x00002198       0xd2 C:/Users/soft zone/Downloads/avr-gcc-14.1.0-x64-windows/avr-gcc-14.1.0-x64-windows/bin/../lib/gcc/avr/14.1.0/../../../../avr/lib/avr5\libm.a(mulsf3x.o)
                0x000021b6                __mulsf3x
                0x000021bc                __mulsf3_pse
 .text.avr-libc.fplib
                0x0000226a        0xc C:/Users/soft zone/Downloads/avr-gcc-14.1.0-x64-windows/avr-gcc-14.1.0-x64-windows/bin/../lib/gcc/avr/14.1.0/../../../../avr/lib/avr5\libm.a(fp_inf.o)
                0x0000226a                __fp_inf
 .text.avr-libc.fplib
                0x00002276        0x6 C:/Users/soft zone/Downloads/avr-gcc-14.1.0-x64-windows/avr-gcc-14.1.0-x64-windows/bin/../lib/gcc/avr/14.1.0/../../../../avr/lib/avr5\libm.a(fp_nan.o)
                0x00002276                __fp_nan
 .text.avr-libc.fplib
                0x0000227c        0xe C:/Users/soft zone/Downloads/avr-gcc-14.1.0-x64-windows/avr-gcc-14.1.0-x64-windows/bin/../lib/gcc/avr/14.1.0/../../../../avr/lib/avr5\libm.a(fp_pscA.o)
                0x0000227c                __fp_pscA
 .text.avr-libc.fplib
                0x0000228a        0xe C:/Users/soft zone/Downloads/avr-gcc-14.1.0-x64-windows/avr-gcc-14.1.0-x64-windows/bin/../lib/gcc/avr/14.1.0/../../../../avr/lib/avr5\libm.a(fp_pscB.o)
                0x0000228a                __fp_pscB
 .text.avr-libc.fplib
                0x00002298       0x22 C:/Users/soft zone/Downloads/avr-gcc-14.1.0-x64-windows/avr-gcc-14.1.0-x64-windows/bin/../lib/gcc/avr/14.1.0/../../../../avr/lib/avr5\libm.a(fp_round.o)
                0x00002298                __fp_round
                0x000022ba                        . = ALIGN (0x2)
 *(.fini9)
 .fini9         0x000022ba        0x0 C:/Users/soft zone/Downloads/avr-gcc-14.1.0-x64-windows/avr-gcc-14.1.0-x64-windows/bin/../lib/gcc/avr/14.1.0/avr5\libgcc.a(_exit.o)
                0x000022ba                _exit
                0x000022ba                exit
 *(.fini9)
 *(.fini8)
 *(.fini8)
 *(.fini7)
 *(.fini7)
 *(.fini6)
 *(.fini6)
 *(.fini5)
 *(.fini5)
 *(.fini4)
 *(.fini4)
 *(.fini3)
 *(.fini3)
 *(.fini2)
 *(.fini2)
 *(.fini1)
 *(.fini1)
 *(.fini0)
 .fini0         0x000022ba        0x4 C:/Users/soft zone/Downloads/avr-gcc-14.1.0-x64-windows/avr-gcc-14.1.0-x64-windows/bin/../lib/gcc/avr/14.1.0/avr5\libgcc.a(_exit.o)
 *(.fini0)
 *(.hightext)
 *(.hightext*)
 *(.progmemx.*)
                0x000022be                        . = ALIGN (0x2)
 *(.jumptables)
 *(.jumptables*)
                0x000022be                        _etext = .

.data           0x00800060       0x20 load address 0x000022be
                0x00800060                        PROVIDE (__data_start = .)
 *(.data)
 .data          0x00800060        0x0 C:/Users/soft zone/Downloads/avr-gcc-14.1.0-x64-windows/avr-gcc-14.1.0-x64-windows/bin/../lib/gcc/avr/14.1.0/../../../../avr/lib/avr5/crtatmega16.o
 .data          0x00800060        0x0 ./Libraries_Eclipse/UART/UART_Prog.o
 .data          0x00800060        0x0 ./Libraries_Eclipse/TWI/TWI_PROGRAM.o
 .data          0x00800060        0x0 ./Libraries_Eclipse/TIMER1/TIMER1_prog.o
 .data          0x00800060        0x0 ./Libraries_Eclipse/TIMER0/TMR0_Program.o
 .data          0x00800060        0x0 ./Libraries_Eclipse/LCD/LCD_Program.o
 .data          0x00800060        0x0 ./Libraries_Eclipse/KEYPAD/KPD_Prgogram.o
 .data          0x00800060        0x0 ./Libraries_Eclipse/GIE/GIE_Program.o
 .data          0x00800060        0x0 ./Libraries_Eclipse/EXT_INT/EXTINT_Program.o
 .data          0x00800060        0x0 ./Libraries_Eclipse/DIO/DIO_Program.o
 .data          0x00800060        0x0 ./Libraries_Eclipse/ADC/ADC_Program.o
 .data          0x00800060        0x0 ./App/main.o
 .data          0x00800060        0x0 C:/Users/soft zone/Downloads/avr-gcc-14.1.0-x64-windows/avr-gcc-14.1.0-x64-windows/bin/../lib/gcc/avr/14.1.0/avr5\libgcc.a(_mulsi3.o)
 .data          0x00800060        0x0 C:/Users/soft zone/Downloads/avr-gcc-14.1.0-x64-windows/avr-gcc-14.1.0-x64-windows/bin/../lib/gcc/avr/14.1.0/avr5\libgcc.a(_udivmodsi4.o)
 .data          0x00800060        0x0 C:/Users/soft zone/Downloads/avr-gcc-14.1.0-x64-windows/avr-gcc-14.1.0-x64-windows/bin/../lib/gcc/avr/14.1.0/avr5\libgcc.a(_exit.o)
 .data          0x00800060        0x0 C:/Users/soft zone/Downloads/avr-gcc-14.1.0-x64-windows/avr-gcc-14.1.0-x64-windows/bin/../lib/gcc/avr/14.1.0/avr5\libgcc.a(_copy_data.o)
 .data          0x00800060        0x0 C:/Users/soft zone/Downloads/avr-gcc-14.1.0-x64-windows/avr-gcc-14.1.0-x64-windows/bin/../lib/gcc/avr/14.1.0/avr5\libgcc.a(_clear_bss.o)
 .data          0x00800060        0x0 C:/Users/soft zone/Downloads/avr-gcc-14.1.0-x64-windows/avr-gcc-14.1.0-x64-windows/bin/../lib/gcc/avr/14.1.0/avr5\libgcc.a(_muluhisi3.o)
 .data          0x00800060        0x0 C:/Users/soft zone/Downloads/avr-gcc-14.1.0-x64-windows/avr-gcc-14.1.0-x64-windows/bin/../lib/gcc/avr/14.1.0/avr5\libgcc.a(_umulhisi3.o)
 .data          0x00800060        0x0 C:/Users/soft zone/Downloads/avr-gcc-14.1.0-x64-windows/avr-gcc-14.1.0-x64-windows/bin/../lib/gcc/avr/14.1.0/../../../../avr/lib/avr5\libm.a(cmpsf2.o)
 .data          0x00800060        0x0 C:/Users/soft zone/Downloads/avr-gcc-14.1.0-x64-windows/avr-gcc-14.1.0-x64-windows/bin/../lib/gcc/avr/14.1.0/../../../../avr/lib/avr5\libm.a(fixunssfsi.o)
 .data          0x00800060        0x0 C:/Users/soft zone/Downloads/avr-gcc-14.1.0-x64-windows/avr-gcc-14.1.0-x64-windows/bin/../lib/gcc/avr/14.1.0/../../../../avr/lib/avr5\libm.a(fp_cmp.o)
 .data          0x00800060        0x0 C:/Users/soft zone/Downloads/avr-gcc-14.1.0-x64-windows/avr-gcc-14.1.0-x64-windows/bin/../lib/gcc/avr/14.1.0/../../../../avr/lib/avr5\libm.a(fp_split3.o)
 .data          0x00800060        0x0 C:/Users/soft zone/Downloads/avr-gcc-14.1.0-x64-windows/avr-gcc-14.1.0-x64-windows/bin/../lib/gcc/avr/14.1.0/../../../../avr/lib/avr5\libm.a(fp_zero.o)
 .data          0x00800060        0x0 C:/Users/soft zone/Downloads/avr-gcc-14.1.0-x64-windows/avr-gcc-14.1.0-x64-windows/bin/../lib/gcc/avr/14.1.0/../../../../avr/lib/avr5\libm.a(gesf2.o)
 .data          0x00800060        0x0 C:/Users/soft zone/Downloads/avr-gcc-14.1.0-x64-windows/avr-gcc-14.1.0-x64-windows/bin/../lib/gcc/avr/14.1.0/../../../../avr/lib/avr5\libm.a(mulsf3.o)
 .data          0x00800060        0x0 C:/Users/soft zone/Downloads/avr-gcc-14.1.0-x64-windows/avr-gcc-14.1.0-x64-windows/bin/../lib/gcc/avr/14.1.0/../../../../avr/lib/avr5\libm.a(mulsf3x.o)
 .data          0x00800060        0x0 C:/Users/soft zone/Downloads/avr-gcc-14.1.0-x64-windows/avr-gcc-14.1.0-x64-windows/bin/../lib/gcc/avr/14.1.0/../../../../avr/lib/avr5\libm.a(fp_inf.o)
 .data          0x00800060        0x0 C:/Users/soft zone/Downloads/avr-gcc-14.1.0-x64-windows/avr-gcc-14.1.0-x64-windows/bin/../lib/gcc/avr/14.1.0/../../../../avr/lib/avr5\libm.a(fp_nan.o)
 .data          0x00800060        0x0 C:/Users/soft zone/Downloads/avr-gcc-14.1.0-x64-windows/avr-gcc-14.1.0-x64-windows/bin/../lib/gcc/avr/14.1.0/../../../../avr/lib/avr5\libm.a(fp_pscA.o)
 .data          0x00800060        0x0 C:/Users/soft zone/Downloads/avr-gcc-14.1.0-x64-windows/avr-gcc-14.1.0-x64-windows/bin/../lib/gcc/avr/14.1.0/../../../../avr/lib/avr5\libm.a(fp_pscB.o)
 .data          0x00800060        0x0 C:/Users/soft zone/Downloads/avr-gcc-14.1.0-x64-windows/avr-gcc-14.1.0-x64-windows/bin/../lib/gcc/avr/14.1.0/../../../../avr/lib/avr5\libm.a(fp_round.o)
 *(.data*)
 .data.arr_COL_pins
                0x00800060        0x4 ./Libraries_Eclipse/KEYPAD/KPD_Prgogram.o
 .data.arr_COL_port
                0x00800064        0x4 ./Libraries_Eclipse/KEYPAD/KPD_Prgogram.o
 .data.arr_ROW_pins
                0x00800068        0x4 ./Libraries_Eclipse/KEYPAD/KPD_Prgogram.o
 .data.arr_ROW_port
                0x0080006c        0x4 ./Libraries_Eclipse/KEYPAD/KPD_Prgogram.o
 *(.gnu.linkonce.d*)
 *(.rodata)
 .rodata        0x00800070       0x10 ./Libraries_Eclipse/KEYPAD/KPD_Prgogram.o
 *(.rodata*)
 *(.gnu.linkonce.r*)
                0x00800080                        . = ALIGN (0x2)
                0x00800080                        _edata = .
                0x00800080                        PROVIDE (__data_end = .)

.bss            0x00800080        0x6
                0x00800080                        PROVIDE (__bss_start = .)
 *(.bss)
 .bss           0x00800080        0x0 C:/Users/soft zone/Downloads/avr-gcc-14.1.0-x64-windows/avr-gcc-14.1.0-x64-windows/bin/../lib/gcc/avr/14.1.0/../../../../avr/lib/avr5/crtatmega16.o
 .bss           0x00800080        0x0 ./Libraries_Eclipse/UART/UART_Prog.o
 .bss           0x00800080        0x0 ./Libraries_Eclipse/TWI/TWI_PROGRAM.o
 .bss           0x00800080        0x0 ./Libraries_Eclipse/TIMER1/TIMER1_prog.o
 .bss           0x00800080        0x0 ./Libraries_Eclipse/TIMER0/TMR0_Program.o
 .bss           0x00800080        0x0 ./Libraries_Eclipse/LCD/LCD_Program.o
 .bss           0x00800080        0x0 ./Libraries_Eclipse/KEYPAD/KPD_Prgogram.o
 .bss           0x00800080        0x0 ./Libraries_Eclipse/GIE/GIE_Program.o
 .bss           0x00800080        0x0 ./Libraries_Eclipse/EXT_INT/EXTINT_Program.o
 .bss           0x00800080        0x0 ./Libraries_Eclipse/DIO/DIO_Program.o
 .bss           0x00800080        0x0 ./Libraries_Eclipse/ADC/ADC_Program.o
 .bss           0x00800080        0x0 ./App/main.o
 .bss           0x00800080        0x0 C:/Users/soft zone/Downloads/avr-gcc-14.1.0-x64-windows/avr-gcc-14.1.0-x64-windows/bin/../lib/gcc/avr/14.1.0/avr5\libgcc.a(_mulsi3.o)
 .bss           0x00800080        0x0 C:/Users/soft zone/Downloads/avr-gcc-14.1.0-x64-windows/avr-gcc-14.1.0-x64-windows/bin/../lib/gcc/avr/14.1.0/avr5\libgcc.a(_udivmodsi4.o)
 .bss           0x00800080        0x0 C:/Users/soft zone/Downloads/avr-gcc-14.1.0-x64-windows/avr-gcc-14.1.0-x64-windows/bin/../lib/gcc/avr/14.1.0/avr5\libgcc.a(_exit.o)
 .bss           0x00800080        0x0 C:/Users/soft zone/Downloads/avr-gcc-14.1.0-x64-windows/avr-gcc-14.1.0-x64-windows/bin/../lib/gcc/avr/14.1.0/avr5\libgcc.a(_copy_data.o)
 .bss           0x00800080        0x0 C:/Users/soft zone/Downloads/avr-gcc-14.1.0-x64-windows/avr-gcc-14.1.0-x64-windows/bin/../lib/gcc/avr/14.1.0/avr5\libgcc.a(_clear_bss.o)
 .bss           0x00800080        0x0 C:/Users/soft zone/Downloads/avr-gcc-14.1.0-x64-windows/avr-gcc-14.1.0-x64-windows/bin/../lib/gcc/avr/14.1.0/avr5\libgcc.a(_muluhisi3.o)
 .bss           0x00800080        0x0 C:/Users/soft zone/Downloads/avr-gcc-14.1.0-x64-windows/avr-gcc-14.1.0-x64-windows/bin/../lib/gcc/avr/14.1.0/avr5\libgcc.a(_umulhisi3.o)
 .bss           0x00800080        0x0 C:/Users/soft zone/Downloads/avr-gcc-14.1.0-x64-windows/avr-gcc-14.1.0-x64-windows/bin/../lib/gcc/avr/14.1.0/../../../../avr/lib/avr5\libm.a(cmpsf2.o)
 .bss           0x00800080        0x0 C:/Users/soft zone/Downloads/avr-gcc-14.1.0-x64-windows/avr-gcc-14.1.0-x64-windows/bin/../lib/gcc/avr/14.1.0/../../../../avr/lib/avr5\libm.a(fixunssfsi.o)
 .bss           0x00800080        0x0 C:/Users/soft zone/Downloads/avr-gcc-14.1.0-x64-windows/avr-gcc-14.1.0-x64-windows/bin/../lib/gcc/avr/14.1.0/../../../../avr/lib/avr5\libm.a(fp_cmp.o)
 .bss           0x00800080        0x0 C:/Users/soft zone/Downloads/avr-gcc-14.1.0-x64-windows/avr-gcc-14.1.0-x64-windows/bin/../lib/gcc/avr/14.1.0/../../../../avr/lib/avr5\libm.a(fp_split3.o)
 .bss           0x00800080        0x0 C:/Users/soft zone/Downloads/avr-gcc-14.1.0-x64-windows/avr-gcc-14.1.0-x64-windows/bin/../lib/gcc/avr/14.1.0/../../../../avr/lib/avr5\libm.a(fp_zero.o)
 .bss           0x00800080        0x0 C:/Users/soft zone/Downloads/avr-gcc-14.1.0-x64-windows/avr-gcc-14.1.0-x64-windows/bin/../lib/gcc/avr/14.1.0/../../../../avr/lib/avr5\libm.a(gesf2.o)
 .bss           0x00800080        0x0 C:/Users/soft zone/Downloads/avr-gcc-14.1.0-x64-windows/avr-gcc-14.1.0-x64-windows/bin/../lib/gcc/avr/14.1.0/../../../../avr/lib/avr5\libm.a(mulsf3.o)
 .bss           0x00800080        0x0 C:/Users/soft zone/Downloads/avr-gcc-14.1.0-x64-windows/avr-gcc-14.1.0-x64-windows/bin/../lib/gcc/avr/14.1.0/../../../../avr/lib/avr5\libm.a(mulsf3x.o)
 .bss           0x00800080        0x0 C:/Users/soft zone/Downloads/avr-gcc-14.1.0-x64-windows/avr-gcc-14.1.0-x64-windows/bin/../lib/gcc/avr/14.1.0/../../../../avr/lib/avr5\libm.a(fp_inf.o)
 .bss           0x00800080        0x0 C:/Users/soft zone/Downloads/avr-gcc-14.1.0-x64-windows/avr-gcc-14.1.0-x64-windows/bin/../lib/gcc/avr/14.1.0/../../../../avr/lib/avr5\libm.a(fp_nan.o)
 .bss           0x00800080        0x0 C:/Users/soft zone/Downloads/avr-gcc-14.1.0-x64-windows/avr-gcc-14.1.0-x64-windows/bin/../lib/gcc/avr/14.1.0/../../../../avr/lib/avr5\libm.a(fp_pscA.o)
 .bss           0x00800080        0x0 C:/Users/soft zone/Downloads/avr-gcc-14.1.0-x64-windows/avr-gcc-14.1.0-x64-windows/bin/../lib/gcc/avr/14.1.0/../../../../avr/lib/avr5\libm.a(fp_pscB.o)
 .bss           0x00800080        0x0 C:/Users/soft zone/Downloads/avr-gcc-14.1.0-x64-windows/avr-gcc-14.1.0-x64-windows/bin/../lib/gcc/avr/14.1.0/../../../../avr/lib/avr5\libm.a(fp_round.o)
 *(.bss*)
 .bss.ptr_ArrCallBack
                0x00800080        0x6 ./Libraries_Eclipse/EXT_INT/EXTINT_Program.o
 *(COMMON)
                0x00800086                        PROVIDE (__bss_end = .)
                0x000022be                        __data_load_start = LOADADDR (.data)
                0x000022de                        __data_load_end = (__data_load_start + SIZEOF (.data))

.noinit         0x00800086        0x0
                [!provide]                        PROVIDE (__noinit_start = .)
 *(.noinit .noinit.* .gnu.linkonce.n.*)
                [!provide]                        PROVIDE (__noinit_end = .)
                0x00800086                        _end = .
                [!provide]                        PROVIDE (__heap_start = .)
                [!provide]                        PROVIDE (__flmap_init_label = DEFINED (__flmap_noinit_start)?__flmap_noinit_start:0x0)
                [!provide]                        PROVIDE (__flmap = DEFINED (__flmap)?__flmap:0x0)

.eeprom         0x00810000        0x0
 *(.eeprom*)
                0x00810000                        __eeprom_end = .

.fuse
 *(.fuse)
 *(.lfuse)
 *(.hfuse)
 *(.efuse)

.lock
 *(.lock*)

.signature
 *(.signature*)

.stab
 *(.stab)

.stabstr
 *(.stabstr)

.stab.excl
 *(.stab.excl)

.stab.exclstr
 *(.stab.exclstr)

.stab.index
 *(.stab.index)

.stab.indexstr
 *(.stab.indexstr)

.comment        0x00000000       0x12
 *(.comment)
 .comment       0x00000000       0x12 ./Libraries_Eclipse/UART/UART_Prog.o
                                 0x13 (size before relaxing)
 .comment       0x00000012       0x13 ./Libraries_Eclipse/TWI/TWI_PROGRAM.o
 .comment       0x00000012       0x13 ./Libraries_Eclipse/TIMER1/TIMER1_prog.o
 .comment       0x00000012       0x13 ./Libraries_Eclipse/TIMER0/TMR0_Program.o
 .comment       0x00000012       0x13 ./Libraries_Eclipse/LCD/LCD_Program.o
 .comment       0x00000012       0x13 ./Libraries_Eclipse/KEYPAD/KPD_Prgogram.o
 .comment       0x00000012       0x13 ./Libraries_Eclipse/GIE/GIE_Program.o
 .comment       0x00000012       0x13 ./Libraries_Eclipse/EXT_INT/EXTINT_Program.o
 .comment       0x00000012       0x13 ./Libraries_Eclipse/DIO/DIO_Program.o
 .comment       0x00000012       0x13 ./Libraries_Eclipse/ADC/ADC_Program.o
 .comment       0x00000012       0x13 ./App/main.o

.note.gnu.avr.deviceinfo
                0x00000000       0x3c
 .note.gnu.avr.deviceinfo
                0x00000000       0x3c C:/Users/soft zone/Downloads/avr-gcc-14.1.0-x64-windows/avr-gcc-14.1.0-x64-windows/bin/../lib/gcc/avr/14.1.0/../../../../avr/lib/avr5/crtatmega16.o

.gnu.build.attributes
 *(.gnu.build.attributes .gnu.build.attributes.*)

.note.gnu.build-id
 *(.note.gnu.build-id)

.debug
 *(.debug)

.line
 *(.line)

.debug_srcinfo
 *(.debug_srcinfo)

.debug_sfnames
 *(.debug_sfnames)

.debug_aranges  0x00000000      0x3e8
 *(.debug_aranges)
 .debug_aranges
                0x00000000       0x48 ./Libraries_Eclipse/UART/UART_Prog.o
 .debug_aranges
                0x00000048       0x78 ./Libraries_Eclipse/TWI/TWI_PROGRAM.o
 .debug_aranges
                0x000000c0       0x40 ./Libraries_Eclipse/TIMER1/TIMER1_prog.o
 .debug_aranges
                0x00000100       0x60 ./Libraries_Eclipse/TIMER0/TMR0_Program.o
 .debug_aranges
                0x00000160       0x68 ./Libraries_Eclipse/LCD/LCD_Program.o
 .debug_aranges
                0x000001c8       0x28 ./Libraries_Eclipse/KEYPAD/KPD_Prgogram.o
 .debug_aranges
                0x000001f0       0x28 ./Libraries_Eclipse/GIE/GIE_Program.o
 .debug_aranges
                0x00000218       0x40 ./Libraries_Eclipse/EXT_INT/EXTINT_Program.o
 .debug_aranges
                0x00000258       0x48 ./Libraries_Eclipse/DIO/DIO_Program.o
 .debug_aranges
                0x000002a0       0x48 ./Libraries_Eclipse/ADC/ADC_Program.o
 .debug_aranges
                0x000002e8       0x20 ./App/main.o
 .debug_aranges
                0x00000308       0x20 C:/Users/soft zone/Downloads/avr-gcc-14.1.0-x64-windows/avr-gcc-14.1.0-x64-windows/bin/../lib/gcc/avr/14.1.0/avr5\libgcc.a(_mulsi3.o)
 .debug_aranges
                0x00000328       0x20 C:/Users/soft zone/Downloads/avr-gcc-14.1.0-x64-windows/avr-gcc-14.1.0-x64-windows/bin/../lib/gcc/avr/14.1.0/avr5\libgcc.a(_udivmodsi4.o)
 .debug_aranges
                0x00000348       0x20 C:/Users/soft zone/Downloads/avr-gcc-14.1.0-x64-windows/avr-gcc-14.1.0-x64-windows/bin/../lib/gcc/avr/14.1.0/avr5\libgcc.a(_exit.o)
 .debug_aranges
                0x00000368       0x20 C:/Users/soft zone/Downloads/avr-gcc-14.1.0-x64-windows/avr-gcc-14.1.0-x64-windows/bin/../lib/gcc/avr/14.1.0/avr5\libgcc.a(_copy_data.o)
 .debug_aranges
                0x00000388       0x20 C:/Users/soft zone/Downloads/avr-gcc-14.1.0-x64-windows/avr-gcc-14.1.0-x64-windows/bin/../lib/gcc/avr/14.1.0/avr5\libgcc.a(_clear_bss.o)
 .debug_aranges
                0x000003a8       0x20 C:/Users/soft zone/Downloads/avr-gcc-14.1.0-x64-windows/avr-gcc-14.1.0-x64-windows/bin/../lib/gcc/avr/14.1.0/avr5\libgcc.a(_muluhisi3.o)
 .debug_aranges
                0x000003c8       0x20 C:/Users/soft zone/Downloads/avr-gcc-14.1.0-x64-windows/avr-gcc-14.1.0-x64-windows/bin/../lib/gcc/avr/14.1.0/avr5\libgcc.a(_umulhisi3.o)

.debug_pubnames
 *(.debug_pubnames)

.debug_info     0x00000000     0x1ef1
 *(.debug_info .gnu.linkonce.wi.*)
 .debug_info    0x00000000      0x52e C:/Users/soft zone/Downloads/avr-gcc-14.1.0-x64-windows/avr-gcc-14.1.0-x64-windows/bin/../lib/gcc/avr/14.1.0/../../../../avr/lib/avr5/crtatmega16.o
 .debug_info    0x0000052e      0x379 ./Libraries_Eclipse/UART/UART_Prog.o
 .debug_info    0x000008a7      0x35a ./Libraries_Eclipse/TWI/TWI_PROGRAM.o
 .debug_info    0x00000c01      0x104 ./Libraries_Eclipse/TIMER1/TIMER1_prog.o
 .debug_info    0x00000d05      0x25f ./Libraries_Eclipse/TIMER0/TMR0_Program.o
 .debug_info    0x00000f64      0x42b ./Libraries_Eclipse/LCD/LCD_Program.o
 .debug_info    0x0000138f      0x1c0 ./Libraries_Eclipse/KEYPAD/KPD_Prgogram.o
 .debug_info    0x0000154f       0x98 ./Libraries_Eclipse/GIE/GIE_Program.o
 .debug_info    0x000015e7      0x170 ./Libraries_Eclipse/EXT_INT/EXTINT_Program.o
 .debug_info    0x00001757      0x1d1 ./Libraries_Eclipse/DIO/DIO_Program.o
 .debug_info    0x00001928      0x3b1 ./Libraries_Eclipse/ADC/ADC_Program.o
 .debug_info    0x00001cd9      0x11c ./App/main.o
 .debug_info    0x00001df5       0x24 C:/Users/soft zone/Downloads/avr-gcc-14.1.0-x64-windows/avr-gcc-14.1.0-x64-windows/bin/../lib/gcc/avr/14.1.0/avr5\libgcc.a(_mulsi3.o)
 .debug_info    0x00001e19       0x24 C:/Users/soft zone/Downloads/avr-gcc-14.1.0-x64-windows/avr-gcc-14.1.0-x64-windows/bin/../lib/gcc/avr/14.1.0/avr5\libgcc.a(_udivmodsi4.o)
 .debug_info    0x00001e3d       0x24 C:/Users/soft zone/Downloads/avr-gcc-14.1.0-x64-windows/avr-gcc-14.1.0-x64-windows/bin/../lib/gcc/avr/14.1.0/avr5\libgcc.a(_exit.o)
 .debug_info    0x00001e61       0x24 C:/Users/soft zone/Downloads/avr-gcc-14.1.0-x64-windows/avr-gcc-14.1.0-x64-windows/bin/../lib/gcc/avr/14.1.0/avr5\libgcc.a(_copy_data.o)
 .debug_info    0x00001e85       0x24 C:/Users/soft zone/Downloads/avr-gcc-14.1.0-x64-windows/avr-gcc-14.1.0-x64-windows/bin/../lib/gcc/avr/14.1.0/avr5\libgcc.a(_clear_bss.o)
 .debug_info    0x00001ea9       0x24 C:/Users/soft zone/Downloads/avr-gcc-14.1.0-x64-windows/avr-gcc-14.1.0-x64-windows/bin/../lib/gcc/avr/14.1.0/avr5\libgcc.a(_muluhisi3.o)
 .debug_info    0x00001ecd       0x24 C:/Users/soft zone/Downloads/avr-gcc-14.1.0-x64-windows/avr-gcc-14.1.0-x64-windows/bin/../lib/gcc/avr/14.1.0/avr5\libgcc.a(_umulhisi3.o)

.debug_abbrev   0x00000000     0x1098
 *(.debug_abbrev)
 .debug_abbrev  0x00000000      0x4e7 C:/Users/soft zone/Downloads/avr-gcc-14.1.0-x64-windows/avr-gcc-14.1.0-x64-windows/bin/../lib/gcc/avr/14.1.0/../../../../avr/lib/avr5/crtatmega16.o
 .debug_abbrev  0x000004e7      0x18e ./Libraries_Eclipse/UART/UART_Prog.o
 .debug_abbrev  0x00000675      0x124 ./Libraries_Eclipse/TWI/TWI_PROGRAM.o
 .debug_abbrev  0x00000799       0xac ./Libraries_Eclipse/TIMER1/TIMER1_prog.o
 .debug_abbrev  0x00000845      0x15d ./Libraries_Eclipse/TIMER0/TMR0_Program.o
 .debug_abbrev  0x000009a2      0x181 ./Libraries_Eclipse/LCD/LCD_Program.o
 .debug_abbrev  0x00000b23       0xc8 ./Libraries_Eclipse/KEYPAD/KPD_Prgogram.o
 .debug_abbrev  0x00000beb       0x49 ./Libraries_Eclipse/GIE/GIE_Program.o
 .debug_abbrev  0x00000c34       0xdd ./Libraries_Eclipse/EXT_INT/EXTINT_Program.o
 .debug_abbrev  0x00000d11       0xa3 ./Libraries_Eclipse/DIO/DIO_Program.o
 .debug_abbrev  0x00000db4      0x178 ./Libraries_Eclipse/ADC/ADC_Program.o
 .debug_abbrev  0x00000f2c       0xe0 ./App/main.o
 .debug_abbrev  0x0000100c       0x14 C:/Users/soft zone/Downloads/avr-gcc-14.1.0-x64-windows/avr-gcc-14.1.0-x64-windows/bin/../lib/gcc/avr/14.1.0/avr5\libgcc.a(_mulsi3.o)
 .debug_abbrev  0x00001020       0x14 C:/Users/soft zone/Downloads/avr-gcc-14.1.0-x64-windows/avr-gcc-14.1.0-x64-windows/bin/../lib/gcc/avr/14.1.0/avr5\libgcc.a(_udivmodsi4.o)
 .debug_abbrev  0x00001034       0x14 C:/Users/soft zone/Downloads/avr-gcc-14.1.0-x64-windows/avr-gcc-14.1.0-x64-windows/bin/../lib/gcc/avr/14.1.0/avr5\libgcc.a(_exit.o)
 .debug_abbrev  0x00001048       0x14 C:/Users/soft zone/Downloads/avr-gcc-14.1.0-x64-windows/avr-gcc-14.1.0-x64-windows/bin/../lib/gcc/avr/14.1.0/avr5\libgcc.a(_copy_data.o)
 .debug_abbrev  0x0000105c       0x14 C:/Users/soft zone/Downloads/avr-gcc-14.1.0-x64-windows/avr-gcc-14.1.0-x64-windows/bin/../lib/gcc/avr/14.1.0/avr5\libgcc.a(_clear_bss.o)
 .debug_abbrev  0x00001070       0x14 C:/Users/soft zone/Downloads/avr-gcc-14.1.0-x64-windows/avr-gcc-14.1.0-x64-windows/bin/../lib/gcc/avr/14.1.0/avr5\libgcc.a(_muluhisi3.o)
 .debug_abbrev  0x00001084       0x14 C:/Users/soft zone/Downloads/avr-gcc-14.1.0-x64-windows/avr-gcc-14.1.0-x64-windows/bin/../lib/gcc/avr/14.1.0/avr5\libgcc.a(_umulhisi3.o)

.debug_line     0x00000000     0x2180
 *(.debug_line .debug_line.* .debug_line_end)
 .debug_line    0x00000000       0x1d C:/Users/soft zone/Downloads/avr-gcc-14.1.0-x64-windows/avr-gcc-14.1.0-x64-windows/bin/../lib/gcc/avr/14.1.0/../../../../avr/lib/avr5/crtatmega16.o
 .debug_line    0x0000001d      0x303 ./Libraries_Eclipse/UART/UART_Prog.o
 .debug_line    0x00000320      0x554 ./Libraries_Eclipse/TWI/TWI_PROGRAM.o
 .debug_line    0x00000874      0x142 ./Libraries_Eclipse/TIMER1/TIMER1_prog.o
 .debug_line    0x000009b6      0x21c ./Libraries_Eclipse/TIMER0/TMR0_Program.o
 .debug_line    0x00000bd2      0x52e ./Libraries_Eclipse/LCD/LCD_Program.o
 .debug_line    0x00001100      0x1bb ./Libraries_Eclipse/KEYPAD/KPD_Prgogram.o
 .debug_line    0x000012bb       0x85 ./Libraries_Eclipse/GIE/GIE_Program.o
 .debug_line    0x00001340      0x25b ./Libraries_Eclipse/EXT_INT/EXTINT_Program.o
 .debug_line    0x0000159b      0x410 ./Libraries_Eclipse/DIO/DIO_Program.o
 .debug_line    0x000019ab      0x2e3 ./Libraries_Eclipse/ADC/ADC_Program.o
 .debug_line    0x00001c8e       0xd5 ./App/main.o
 .debug_line    0x00001d63       0x9f C:/Users/soft zone/Downloads/avr-gcc-14.1.0-x64-windows/avr-gcc-14.1.0-x64-windows/bin/../lib/gcc/avr/14.1.0/avr5\libgcc.a(_mulsi3.o)
 .debug_line    0x00001e02      0x111 C:/Users/soft zone/Downloads/avr-gcc-14.1.0-x64-windows/avr-gcc-14.1.0-x64-windows/bin/../lib/gcc/avr/14.1.0/avr5\libgcc.a(_udivmodsi4.o)
 .debug_line    0x00001f13       0x51 C:/Users/soft zone/Downloads/avr-gcc-14.1.0-x64-windows/avr-gcc-14.1.0-x64-windows/bin/../lib/gcc/avr/14.1.0/avr5\libgcc.a(_exit.o)
 .debug_line    0x00001f64       0x87 C:/Users/soft zone/Downloads/avr-gcc-14.1.0-x64-windows/avr-gcc-14.1.0-x64-windows/bin/../lib/gcc/avr/14.1.0/avr5\libgcc.a(_copy_data.o)
 .debug_line    0x00001feb       0x75 C:/Users/soft zone/Downloads/avr-gcc-14.1.0-x64-windows/avr-gcc-14.1.0-x64-windows/bin/../lib/gcc/avr/14.1.0/avr5\libgcc.a(_clear_bss.o)
 .debug_line    0x00002060       0x81 C:/Users/soft zone/Downloads/avr-gcc-14.1.0-x64-windows/avr-gcc-14.1.0-x64-windows/bin/../lib/gcc/avr/14.1.0/avr5\libgcc.a(_muluhisi3.o)
 .debug_line    0x000020e1       0x9f C:/Users/soft zone/Downloads/avr-gcc-14.1.0-x64-windows/avr-gcc-14.1.0-x64-windows/bin/../lib/gcc/avr/14.1.0/avr5\libgcc.a(_umulhisi3.o)

.debug_frame    0x00000000      0x9ec
 *(.debug_frame)
 .debug_frame   0x00000000       0xd4 ./Libraries_Eclipse/UART/UART_Prog.o
 .debug_frame   0x000000d4      0x194 ./Libraries_Eclipse/TWI/TWI_PROGRAM.o
 .debug_frame   0x00000268       0xb4 ./Libraries_Eclipse/TIMER1/TIMER1_prog.o
 .debug_frame   0x0000031c      0x140 ./Libraries_Eclipse/TIMER0/TMR0_Program.o
 .debug_frame   0x0000045c      0x160 ./Libraries_Eclipse/LCD/LCD_Program.o
 .debug_frame   0x000005bc       0x54 ./Libraries_Eclipse/KEYPAD/KPD_Prgogram.o
 .debug_frame   0x00000610       0x54 ./Libraries_Eclipse/GIE/GIE_Program.o
 .debug_frame   0x00000664      0x180 ./Libraries_Eclipse/EXT_INT/EXTINT_Program.o
 .debug_frame   0x000007e4       0xd4 ./Libraries_Eclipse/DIO/DIO_Program.o
 .debug_frame   0x000008b8       0xf4 ./Libraries_Eclipse/ADC/ADC_Program.o
 .debug_frame   0x000009ac       0x40 ./App/main.o

.debug_str      0x00000000      0xf97
 *(.debug_str)
 .debug_str     0x00000000      0x1af C:/Users/soft zone/Downloads/avr-gcc-14.1.0-x64-windows/avr-gcc-14.1.0-x64-windows/bin/../lib/gcc/avr/14.1.0/../../../../avr/lib/avr5/crtatmega16.o
 .debug_str     0x000001af      0xde8 ./Libraries_Eclipse/UART/UART_Prog.o
                                0x38b (size before relaxing)
 .debug_str     0x00000f97      0x2e3 ./Libraries_Eclipse/TWI/TWI_PROGRAM.o
 .debug_str     0x00000f97      0x1ef ./Libraries_Eclipse/TIMER1/TIMER1_prog.o
 .debug_str     0x00000f97      0x2fd ./Libraries_Eclipse/TIMER0/TMR0_Program.o
 .debug_str     0x00000f97      0x33c ./Libraries_Eclipse/LCD/LCD_Program.o
 .debug_str     0x00000f97      0x223 ./Libraries_Eclipse/KEYPAD/KPD_Prgogram.o
 .debug_str     0x00000f97      0x164 ./Libraries_Eclipse/GIE/GIE_Program.o
 .debug_str     0x00000f97      0x207 ./Libraries_Eclipse/EXT_INT/EXTINT_Program.o
 .debug_str     0x00000f97      0x24b ./Libraries_Eclipse/DIO/DIO_Program.o
 .debug_str     0x00000f97      0x44b ./Libraries_Eclipse/ADC/ADC_Program.o
 .debug_str     0x00000f97      0x1cf ./App/main.o
 .debug_str     0x00000f97       0x68 C:/Users/soft zone/Downloads/avr-gcc-14.1.0-x64-windows/avr-gcc-14.1.0-x64-windows/bin/../lib/gcc/avr/14.1.0/avr5\libgcc.a(_mulsi3.o)
 .debug_str     0x00000f97       0x68 C:/Users/soft zone/Downloads/avr-gcc-14.1.0-x64-windows/avr-gcc-14.1.0-x64-windows/bin/../lib/gcc/avr/14.1.0/avr5\libgcc.a(_udivmodsi4.o)
 .debug_str     0x00000f97       0x68 C:/Users/soft zone/Downloads/avr-gcc-14.1.0-x64-windows/avr-gcc-14.1.0-x64-windows/bin/../lib/gcc/avr/14.1.0/avr5\libgcc.a(_exit.o)
 .debug_str     0x00000f97       0x68 C:/Users/soft zone/Downloads/avr-gcc-14.1.0-x64-windows/avr-gcc-14.1.0-x64-windows/bin/../lib/gcc/avr/14.1.0/avr5\libgcc.a(_copy_data.o)
 .debug_str     0x00000f97       0x68 C:/Users/soft zone/Downloads/avr-gcc-14.1.0-x64-windows/avr-gcc-14.1.0-x64-windows/bin/../lib/gcc/avr/14.1.0/avr5\libgcc.a(_clear_bss.o)
 .debug_str     0x00000f97       0x68 C:/Users/soft zone/Downloads/avr-gcc-14.1.0-x64-windows/avr-gcc-14.1.0-x64-windows/bin/../lib/gcc/avr/14.1.0/avr5\libgcc.a(_muluhisi3.o)
 .debug_str     0x00000f97       0x68 C:/Users/soft zone/Downloads/avr-gcc-14.1.0-x64-windows/avr-gcc-14.1.0-x64-windows/bin/../lib/gcc/avr/14.1.0/avr5\libgcc.a(_umulhisi3.o)

.debug_loc
 *(.debug_loc)

.debug_macinfo
 *(.debug_macinfo)

.debug_weaknames
 *(.debug_weaknames)

.debug_funcnames
 *(.debug_funcnames)

.debug_typenames
 *(.debug_typenames)

.debug_varnames
 *(.debug_varnames)

.debug_pubtypes
 *(.debug_pubtypes)

.debug_ranges
 *(.debug_ranges)

.debug_addr
 *(.debug_addr)

.debug_line_str
                0x00000000      0x704
 *(.debug_line_str)
 .debug_line_str
                0x00000000      0x704 ./Libraries_Eclipse/UART/UART_Prog.o
                                0x138 (size before relaxing)
 .debug_line_str
                0x00000704      0x113 ./Libraries_Eclipse/TWI/TWI_PROGRAM.o
 .debug_line_str
                0x00000704      0x126 ./Libraries_Eclipse/TIMER1/TIMER1_prog.o
 .debug_line_str
                0x00000704      0x150 ./Libraries_Eclipse/TIMER0/TMR0_Program.o
 .debug_line_str
                0x00000704      0x1fc ./Libraries_Eclipse/LCD/LCD_Program.o
 .debug_line_str
                0x00000704      0x129 ./Libraries_Eclipse/KEYPAD/KPD_Prgogram.o
 .debug_line_str
                0x00000704      0x105 ./Libraries_Eclipse/GIE/GIE_Program.o
 .debug_line_str
                0x00000704      0x133 ./Libraries_Eclipse/EXT_INT/EXTINT_Program.o
 .debug_line_str
                0x00000704       0xea ./Libraries_Eclipse/DIO/DIO_Program.o
 .debug_line_str
                0x00000704      0x123 ./Libraries_Eclipse/ADC/ADC_Program.o
 .debug_line_str
                0x00000704      0x162 ./App/main.o
 .debug_line_str
                0x00000704       0x5c C:/Users/soft zone/Downloads/avr-gcc-14.1.0-x64-windows/avr-gcc-14.1.0-x64-windows/bin/../lib/gcc/avr/14.1.0/avr5\libgcc.a(_mulsi3.o)
 .debug_line_str
                0x00000704       0x5c C:/Users/soft zone/Downloads/avr-gcc-14.1.0-x64-windows/avr-gcc-14.1.0-x64-windows/bin/../lib/gcc/avr/14.1.0/avr5\libgcc.a(_udivmodsi4.o)
 .debug_line_str
                0x00000704       0x5c C:/Users/soft zone/Downloads/avr-gcc-14.1.0-x64-windows/avr-gcc-14.1.0-x64-windows/bin/../lib/gcc/avr/14.1.0/avr5\libgcc.a(_exit.o)
 .debug_line_str
                0x00000704       0x5c C:/Users/soft zone/Downloads/avr-gcc-14.1.0-x64-windows/avr-gcc-14.1.0-x64-windows/bin/../lib/gcc/avr/14.1.0/avr5\libgcc.a(_copy_data.o)
 .debug_line_str
                0x00000704       0x5c C:/Users/soft zone/Downloads/avr-gcc-14.1.0-x64-windows/avr-gcc-14.1.0-x64-windows/bin/../lib/gcc/avr/14.1.0/avr5\libgcc.a(_clear_bss.o)
 .debug_line_str
                0x00000704       0x5c C:/Users/soft zone/Downloads/avr-gcc-14.1.0-x64-windows/avr-gcc-14.1.0-x64-windows/bin/../lib/gcc/avr/14.1.0/avr5\libgcc.a(_muluhisi3.o)
 .debug_line_str
                0x00000704       0x5c C:/Users/soft zone/Downloads/avr-gcc-14.1.0-x64-windows/avr-gcc-14.1.0-x64-windows/bin/../lib/gcc/avr/14.1.0/avr5\libgcc.a(_umulhisi3.o)

.debug_loclists
 *(.debug_loclists)

.debug_macro
 *(.debug_macro)

.debug_names
 *(.debug_names)

.debug_rnglists
                0x00000000      0x21e
 *(.debug_rnglists)
 .debug_rnglists
                0x00000000       0x33 ./Libraries_Eclipse/UART/UART_Prog.o
 .debug_rnglists
                0x00000033       0x55 ./Libraries_Eclipse/TWI/TWI_PROGRAM.o
 .debug_rnglists
                0x00000088       0x2c ./Libraries_Eclipse/TIMER1/TIMER1_prog.o
 .debug_rnglists
                0x000000b4       0x43 ./Libraries_Eclipse/TIMER0/TMR0_Program.o
 .debug_rnglists
                0x000000f7       0x4c ./Libraries_Eclipse/LCD/LCD_Program.o
 .debug_rnglists
                0x00000143       0x1b ./Libraries_Eclipse/KEYPAD/KPD_Prgogram.o
 .debug_rnglists
                0x0000015e       0x19 ./Libraries_Eclipse/GIE/GIE_Program.o
 .debug_rnglists
                0x00000177       0x2c ./Libraries_Eclipse/EXT_INT/EXTINT_Program.o
 .debug_rnglists
                0x000001a3       0x35 ./Libraries_Eclipse/DIO/DIO_Program.o
 .debug_rnglists
                0x000001d8       0x33 ./Libraries_Eclipse/ADC/ADC_Program.o
 .debug_rnglists
                0x0000020b       0x13 ./App/main.o

.debug_str_offsets
 *(.debug_str_offsets)

.debug_sup
 *(.debug_sup)
OUTPUT(slave.elf elf32-avr)
LOAD linker stubs
